---
source: tests/read_surface/mod.rs
assertion_line: 1051
expression: f
---
 ◒ Welcome ───────────────────────────────────────── v0.2.0
 ◒ OMARCHY  mac bootstrap
 ▍Welcome  Journey  Machine  Status  Health  Logs  Plan
┌ Welcome ─────────────────────────────────────────────────┐
│ ▍This machine                                            │
│   Platform      macos                                    │
│   Architecture  arm64                                    │
│   Model         MacBookPro18,1                           │
│   Chip          Apple M1 Pro                             │
│   Memory        17179869184                              │
│   macOS         14.6                                     │
│                                                          │
│ ▍The tool and the core                                   │
│   Interface     frontend 0.2.0, protocol 1               │
│   Core          core 0.2.0, commit 0123456789ab          │
│   System        macos, arm64, user                       │
│   Session       read ceiling, fixture                    │
│   Read          journey generation 78b203ec6845          │
│                                                          │
│ ▍Where the journey stands                                │
│ · · · · · · · · · ·                                      │
│ No stage is derived yet: every station is later.        ↓│
└──────────────────────────────────────────────────────────┘
 ⏎ the journey  ↑↓ scroll  ? help       read-only · fixture
