---
source: tests/read_surface/mod.rs
assertion_line: 1051
expression: f
---
 ◒ Machine ───────────────────────────────────────────────────────────── v0.2.0
 ◒ OMARCHY  mac bootstrap
┌ Screens ─────┐┌ Machine ─────────────────────────────────────────────────────┐
│  Welcome     ││ ❯ Platform      macos                                        │
│  Journey     ││   Architecture  arm64                                        │
│▍ Machine     ││   Model         MacBookPro18,1                               │
│  Status      ││   Chip          Apple M1 Pro                                 │
│  Health      ││   Memory        17179869184                                  │
│  Logs        ││   macOS         14.6                                         │
│  Plan        ││                                                              │
│              ││                                                              │
│              ││                                                              │
│              ││                                                              │
│              ││                                                              │
│              ││                                                              │
│              ││                                                              │
│              ││                                                              │
│              ││                                                              │
│              ││                                                              │
│              ││                                                              │
│              ││                                                              │
│              ││ rows 1–6 of 6 · generation 78b203ec6845                      │
└──────────────┘└──────────────────────────────────────────────────────────────┘
 ↑↓ move  / filter  r refresh  ? help   read-only · no system changes · fixture
