---
source: tests/read_surface/mod.rs
expression: f
---
 ◒ Logs ──────────────────────────────────────────── v0.2.0
  Welcome  Journey  Machine  Status  Health ▍Logs  Plan
┌ Logs ────────────────────────────────────────────────────┐
│ ! shown: an earlier read, generation a1a1a1a1a1a1; the   │
│   newest read is b2b2b2b2b2b2, not shown                 │
│ ! changed since you looked — r                           │
│ ! refused · overflow                                     │
│ ❯ info   [PLAN]  word000 word001 word002 word003 word0…  │
│       2026-10-04T10:00:00Z                               │
│       info                                               │
│       [PLAN]                                             │
│       word000 word001 word002 word003 word004 word005    │
│       word006 word007 word008 word009 word010 word011    │
│       word012 word013 word014 word015 word016 word017    │
│       word018 word019 word020 word021 word022 word023    │
│       word024 word025 word026 word027 word028 word029    │
│       word030 word031 word032 word033 word034 word035    │
│ value lines 1–9 of 34 · generation a1a1a1a1a1a1          │
└──────────────────────────────────────────────────────────┘
 ↑↓ scroll  ⏎ esc close  ? help         read-only · fixture
