---
source: tests/frames.rs
expression: "text(&render(&m, &t, 80, 24))"
---
 ◒ omarchy mac bootstrap
 journey not derived in this build
────────────────────────────────────────────────────────────────────────────────

   Asking the core who it is and what this session may do.
















                                                                     connecting
────────────────────────────────────────────────────────────────────────────────
 ⏎ run   ↑↓ move   r refresh   L logs   ? help   q quit
